// Jest Snapshot v1, https://goo.gl/fbAQLP

exports[`Given App component renders properly 1`] = `
"<div>
  <h2>
    Loot Check
  </h2>
  <Connect(Wallet) />
</div>"
`;
