// Jest Snapshot v1, https://goo.gl/fbAQLP

exports[`Given wallet component Then it renders correctly 1`] = `
"<div>
  <h3 className=\\"bitcoin-balance\\">
    Bitcoin Balance: 
  </h3>
</div>"
`;
